
> corelogic-studio@7.0.0 build
> vite build

[36mvite v7.2.4 [32mbuilding client environment for production...[36m[39m
transforming...
[32mΓ£ô[39m 1580 modules transformed.
rendering chunks...
computing gzip size...
[2mdist/[22m[32mindex.html                              [39m[1m[2m  1.19 kB[22m[1m[22m[2m Γöé gzip:  0.51 kB[22m
[2mdist/[22m[35massets/index-CoSlJNE4.css               [39m[1m[2m 65.94 kB[22m[1m[22m[2m Γöé gzip: 11.07 kB[22m
[2mdist/[22m[36massets/EffectChainPanel-C10g8ly9.js     [39m[1m[2m  3.52 kB[22m[1m[22m[2m Γöé gzip:  1.16 kB[22m
[2mdist/[22m[36massets/PluginBrowser-rrdUuiOT.js        [39m[1m[2m  4.20 kB[22m[1m[22m[2m Γöé gzip:  1.62 kB[22m
[2mdist/[22m[36massets/RoutingMatrix-EUBJ_eqx.js        [39m[1m[2m  4.84 kB[22m[1m[22m[2m Γöé gzip:  1.47 kB[22m
[2mdist/[22m[36massets/CodetteSystem-BdaqijRe.js        [39m[1m[2m 11.22 kB[22m[1m[22m[2m Γöé gzip:  3.47 kB[22m
[2mdist/[22m[36massets/vendor-icons-Cd7qHzB7.js         [39m[1m[2m 11.94 kB[22m[1m[22m[2m Γöé gzip:  4.20 kB[22m
[2mdist/[22m[36massets/chunk-visualization-BguqCGuY.js  [39m[1m[2m 13.81 kB[22m[1m[22m[2m Γöé gzip:  4.69 kB[22m
[2mdist/[22m[36massets/chunk-panels-CQBdrQxr.js         [39m[1m[2m 14.65 kB[22m[1m[22m[2m Γöé gzip:  3.91 kB[22m
[2mdist/[22m[36massets/chunk-mixer-C-zNInAK.js          [39m[1m[2m 56.54 kB[22m[1m[22m[2m Γöé gzip: 13.77 kB[22m
[2mdist/[22m[36massets/index-CQpKfFXC.js                [39m[1m[2m 68.06 kB[22m[1m[22m[2m Γöé gzip: 17.14 kB[22m
[2mdist/[22m[36massets/vendor-ui-7JHeT-bl.js            [39m[1m[2m141.54 kB[22m[1m[22m[2m Γöé gzip: 45.47 kB[22m
[2mdist/[22m[36massets/chunk-codette-CKouIZY5.js        [39m[1m[2m196.03 kB[22m[1m[22m[2m Γöé gzip: 53.21 kB[22m
[32mΓ£ô built in 4.47s[39m
